
GENIECapabilities$ git status
# On branch master
# Changes not staged for commit:
#   (use "git add <file>..." to update what will be committed)
#   (use "git checkout -- <file>..." to discard changes in working directory)
#
# modified:   gc_executive_summary.tex
# modified:   gc_goals.tex
# modified:   gc_technical_capabilities.tex
#
no changes added to commit (use "git add" and/or "git commit -a")
GENIECapabilities$ git add gc_executive_summary.tex 
GENIECapabilities$ git commit
[master e22c4fe] Clean up introduction and add emphasis on two-person role (myself and likely Julia).
 1 file changed, 8 insertions(+), 8 deletions(-)
GENIECapabilities$ git add gc_goals.tex 
GENIECapabilities$ git commit
[master c4b8dd9] Cleanup and remove paragraph about investing in physics first and user support second - the new plan is to start on both branches right up front (with different personnel and manpower levels).
 1 file changed, 7 insertions(+), 7 deletions(-)
GENIECapabilities$ git add gc_technical_capabilities.tex 
GENIECapabilities$ git commit
[master 957faaa] Cleanup.
 1 file changed, 5 insertions(+), 5 deletions(-)
GENIECapabilities$ git status
# On branch master
nothing to commit (working directory clean)
GENIECapabilities$ git reflog
957faaa HEAD@{0}: commit: Cleanup.
c4b8dd9 HEAD@{1}: commit: Cleanup and remove paragraph about investing in physics fi
e22c4fe HEAD@{2}: commit: Clean up introduction and add emphasis on two-person role 
0b6902e HEAD@{3}: commit: Ignore LaTeX detritus and final product pdf.
8756267 HEAD@{4}: commit (initial): Initial commit of GENIE capabilities doc.

GENIECapabilities$ git checkout -b add_physics_goals
Switched to a new branch 'add_physics_goals'

GENIECapabilities$ git status
# On branch add_physics_goals
# Changes not staged for commit:
#   (use "git add <file>..." to update what will be committed)
#   (use "git checkout -- <file>..." to discard changes in working directory)
#
# modified:   gc_new_generator_challenges.tex
#
no changes added to commit (use "git add" and/or "git commit -a")
GENIECapabilities$ git commit -a
[add_physics_goals c4c9418] Cleanup and try to change the tone a bit - want to emphasize we aren't interested in authoring a new generator!
 1 file changed, 9 insertions(+), 7 deletions(-)
GENIECapabilities$ git reflog
c4c9418 HEAD@{0}: commit: Cleanup and try to change the tone a bit - want to emphasi
957faaa HEAD@{1}: checkout: moving from master to add_physics_goals
957faaa HEAD@{2}: commit: Cleanup.
c4b8dd9 HEAD@{3}: commit: Cleanup and remove paragraph about investing in physics fi
e22c4fe HEAD@{4}: commit: Clean up introduction and add emphasis on two-person role 
0b6902e HEAD@{5}: commit: Ignore LaTeX detritus and final product pdf.
8756267 HEAD@{6}: commit (initial): Initial commit of GENIE capabilities doc.

GENIECapabilities$ git commit -a
[add_physics_goals 1dcbde8] Add more physics needs, including some experiment specific blocks.
 1 file changed, 55 insertions(+), 10 deletions(-)
GENIECapabilities$ git status
# On branch add_physics_goals
nothing to commit (working directory clean)
GENIECapabilities$ git checkout master
Switched to branch 'master'
GENIECapabilities$ git merge add_physics_goals
Updating 957faaa..1dcbde8
Fast-forward
 .gitignore                      |   1 +
 GENIECapabilities.bib           |  53 ++++++++++++++++++++++-
 GENIECapabilities.tex           |   3 ++
 gc_fnal_contrib.tex             | 101 +++++++++++++++++++++++++++++++++++++++++---
 gc_new_generator_challenges.tex |  16 ++++---
 5 files changed, 159 insertions(+), 15 deletions(-)

GENIECapabilities$ git tag
GENIECapabilities$ git tag -a v20130910 -m '2013/09/10 - added physics needs'
GENIECapabilities$ git tag
v20130910

GENIECapabilities$ git status
# On branch master
# Changes not staged for commit:
#   (use "git add <file>..." to update what will be committed)
#   (use "git checkout -- <file>..." to discard changes in working directory)
#
# modified:   gc_executive_summary.tex
# modified:   gc_fnal_contrib.tex
# modified:   gc_goals.tex
# modified:   gc_new_generator_challenges.tex
# modified:   gc_technical_capabilities.tex
#
GENIECapabilities$ git stash
Saved working directory and index state WIP on master: 1dcbde8 Add more physics needs, including some experiment specific blocks.
HEAD is now at 1dcbde8 Add more physics needs, including some experiment specific blocks.
GENIECapabilities$ git reflog
1dcbde8 HEAD@{0}: merge add_physics_goals: Fast-forward
957faaa HEAD@{1}: checkout: moving from add_physics_goals to master
1dcbde8 HEAD@{2}: commit: Add more physics needs, including some experiment specific
e6e34b7 HEAD@{3}: commit: Add some more talks from the GENIE workshop at Pitt, expt.
64e02f4 HEAD@{4}: commit: Add experimental refs (webpages for minerva, nova, lbne, e
d1da0d8 HEAD@{5}: commit: Add url hyperlink for NuWro.
b5dfeb0 HEAD@{6}: commit: Add a direct copy of Hugh's master list of physics topics.
54b6003 HEAD@{7}: commit: Use the hyperref package for nice url parsing in the bibli
4eb00b1 HEAD@{8}: commit: Ignore more LaTeX detritus: GENIECapabilities.out
c4c9418 HEAD@{9}: commit: Cleanup and try to change the tone a bit - want to emphasi
957faaa HEAD@{10}: checkout: moving from master to add_physics_goals
957faaa HEAD@{11}: commit: Cleanup.
c4b8dd9 HEAD@{12}: commit: Cleanup and remove paragraph about investing in physics f
e22c4fe HEAD@{13}: commit: Clean up introduction and add emphasis on two-person role
0b6902e HEAD@{14}: commit: Ignore LaTeX detritus and final product pdf.
8756267 HEAD@{15}: commit (initial): Initial commit of GENIE capabilities doc.

GENIECapabilities$ git checkout -b soften_language
Switched to a new branch 'soften_language'
GENIECapabilities$ git stash list
stash@{0}: WIP on master: 1dcbde8 Add more physics needs, including some experiment 
GENIECapabilities$ git stash pop
# On branch soften_language
# Changes not staged for commit:
#   (use "git add <file>..." to update what will be committed)
#   (use "git checkout -- <file>..." to discard changes in working directory)
#
# modified:   gc_executive_summary.tex
# modified:   gc_fnal_contrib.tex
# modified:   gc_goals.tex
# modified:   gc_new_generator_challenges.tex
# modified:   gc_technical_capabilities.tex
#
no changes added to commit (use "git add" and/or "git commit -a")
Dropped refs/stash@{0} (145e9588d9ec04edc8d39f1017d6c0ce2e2a5a2a)

add
commit

GENIECapabilities$ git status
# On branch soften_language
nothing to commit (working directory clean)

GENIECapabilities$ git checkout master
Switched to branch 'master'
GENIECapabilities$ git merge soften_language
Updating 1dcbde8..e8b3bc8
Fast-forward
 gc_executive_summary.tex        |  1 -
 gc_fnal_contrib.tex             | 54 ++++++++++++++++++++++++++++++++-------------
 gc_goals.tex                    | 18 +++++----------
 gc_new_generator_challenges.tex | 14 +++++++-----
 gc_technical_capabilities.tex   |  2 +-
 5 files changed, 55 insertions(+), 34 deletions(-)
GENIECapabilities$ git tag
v20130910
GENIECapabilities$ git tag -a v20130912 -m '2013/09/12 - soften language'
GENIECapabilities$ git tag
v20130910
v20130912



